2026-08-01 00:13:59 [INFO] 🚀 CWA 天氣資料抓取程式啟動
2026-08-01 00:13:59 [INFO]    資料庫路徑：weather_data.db
2026-08-01 00:13:59 [ERROR] ❌ 請先設定 .env 檔案中的 CWA_API_KEY！
   參考 .env.example 建立您的 .env 檔案。
2026-08-01 00:20:27 [INFO] 🚀 CWA 天氣資料抓取程式啟動
2026-08-01 00:20:27 [INFO]    資料庫路徑：weather_data.db
2026-08-01 00:20:27 [ERROR] ❌ 請先設定 .env 檔案中的 CWA_API_KEY！
   參考 .env.example 建立您的 .env 檔案。
2026-08-01 00:21:33 [INFO] 🚀 CWA 天氣資料抓取程式啟動
2026-08-01 00:21:33 [INFO]    資料庫路徑：weather_data.db
2026-08-01 00:21:33 [INFO] ✅ 資料庫初始化完成，資料表已就緒。
2026-08-01 00:21:33 [INFO] 
── 開始處理：今明 36 小時天氣預報 ──
2026-08-01 00:21:33 [INFO] 🌐 正在請求 API：https://opendata.cwa.gov.tw/api/v1/rest/datastore/F-C0032-001
2026-08-01 00:21:34 [INFO] ✅ API 請求成功。
2026-08-01 00:21:34 [INFO]   📍 嘉義縣：解析 3 個時間區間
2026-08-01 00:21:34 [INFO]   📍 新北市：解析 3 個時間區間
2026-08-01 00:21:34 [INFO]   📍 嘉義市：解析 3 個時間區間
2026-08-01 00:21:34 [INFO]   📍 新竹縣：解析 3 個時間區間
2026-08-01 00:21:34 [INFO]   📍 新竹市：解析 3 個時間區間
2026-08-01 00:21:34 [INFO]   📍 臺北市：解析 3 個時間區間
2026-08-01 00:21:34 [INFO]   📍 臺南市：解析 3 個時間區間
2026-08-01 00:21:34 [INFO]   📍 宜蘭縣：解析 3 個時間區間
2026-08-01 00:21:34 [INFO]   📍 苗栗縣：解析 3 個時間區間
2026-08-01 00:21:34 [INFO]   📍 雲林縣：解析 3 個時間區間
2026-08-01 00:21:34 [INFO]   📍 花蓮縣：解析 3 個時間區間
2026-08-01 00:21:34 [INFO]   📍 臺中市：解析 3 個時間區間
2026-08-01 00:21:34 [INFO]   📍 臺東縣：解析 3 個時間區間
2026-08-01 00:21:34 [INFO]   📍 桃園市：解析 3 個時間區間
2026-08-01 00:21:34 [INFO]   📍 南投縣：解析 3 個時間區間
2026-08-01 00:21:34 [INFO]   📍 高雄市：解析 3 個時間區間
2026-08-01 00:21:34 [INFO]   📍 金門縣：解析 3 個時間區間
2026-08-01 00:21:34 [INFO]   📍 屏東縣：解析 3 個時間區間
2026-08-01 00:21:34 [INFO]   📍 基隆市：解析 3 個時間區間
2026-08-01 00:21:34 [INFO]   📍 澎湖縣：解析 3 個時間區間
2026-08-01 00:21:34 [INFO]   📍 彰化縣：解析 3 個時間區間
2026-08-01 00:21:34 [INFO]   📍 連江縣：解析 3 個時間區間
2026-08-01 00:21:34 [INFO] ✅ 36 小時預報解析完成，共 66 筆記錄。
2026-08-01 00:21:34 [INFO] ✅ [weather_36h] 成功插入 66 筆資料。
2026-08-01 00:21:34 [INFO] 
── 開始處理：一週天氣預報 ──
2026-08-01 00:21:34 [INFO] 🌐 正在請求 API：https://opendata.cwa.gov.tw/api/v1/rest/datastore/F-D0047-003
2026-08-01 00:21:34 [INFO] ✅ API 請求成功。
2026-08-01 00:21:34 [INFO]   📍 宜蘭市：解析 15 個時間區間
2026-08-01 00:21:34 [INFO]   📍 羅東鎮：解析 15 個時間區間
2026-08-01 00:21:34 [INFO]   📍 蘇澳鎮：解析 15 個時間區間
2026-08-01 00:21:34 [INFO]   📍 頭城鎮：解析 15 個時間區間
2026-08-01 00:21:34 [INFO]   📍 礁溪鄉：解析 15 個時間區間
2026-08-01 00:21:34 [INFO]   📍 壯圍鄉：解析 15 個時間區間
2026-08-01 00:21:34 [INFO]   📍 員山鄉：解析 15 個時間區間
2026-08-01 00:21:34 [INFO]   📍 冬山鄉：解析 15 個時間區間
2026-08-01 00:21:34 [INFO]   📍 五結鄉：解析 15 個時間區間
2026-08-01 00:21:34 [INFO]   📍 三星鄉：解析 15 個時間區間
2026-08-01 00:21:34 [INFO]   📍 大同鄉：解析 15 個時間區間
2026-08-01 00:21:34 [INFO]   📍 南澳鄉：解析 15 個時間區間
2026-08-01 00:21:34 [INFO] ✅ 一週預報解析完成，共 180 筆記錄。
2026-08-01 00:21:34 [INFO] ✅ [weather_week] 成功插入 180 筆資料。
2026-08-01 00:21:34 [INFO] 🔒 資料庫連線已關閉。
